[INFO] Scanning for projects...
[INFO] 
[INFO] ---------------------------< com.movie:app >----------------------------
[INFO] Building app 0.0.1-SNAPSHOT
[INFO]   from pom.xml
[INFO] --------------------------------[ jar ]---------------------------------
[INFO] 
[INFO] --- clean:3.5.0:clean (default-clean) @ app ---
[INFO] Deleting C:\Users\Vinayaka\OneDrive\Desktop\IMDB clone\imdbclone\backend\target
[INFO] ------------------------------------------------------------------------
[INFO] BUILD FAILURE
[INFO] ------------------------------------------------------------------------
[INFO] Total time:  2.469 s
[INFO] Finished at: 2026-03-24T12:06:01+05:30
[INFO] ------------------------------------------------------------------------
[ERROR] Failed to execute goal org.apache.maven.plugins:maven-clean-plugin:3.5.0:clean (default-clean) on project app: Failed to clean project: Failed to delete C:\Users\Vinayaka\OneDrive\Desktop\IMDB clone\imdbclone\backend\target\classes\com\movie\app\config -> [Help 1]
[ERROR] 
[ERROR] To see the full stack trace of the errors, re-run Maven with the -e switch.
[ERROR] Re-run Maven using the -X switch to enable full debug logging.
[ERROR] 
[ERROR] For more information about the errors and possible solutions, please read the following articles:
[ERROR] [Help 1] http://cwiki.apache.org/confluence/display/MAVEN/MojoExecutionException
